lambda =     14.000    
omega_ce =    1.75882E+11
omega_ci =    9.57883E+07
tau_e =    7.77195E-07
tau_i =    4.70977E-05
kappab_epara =    4.37423E+24
kappab_eperp =    3.43832E+14
kappab_ipara =    1.75945E+23
kappab_iperp =    4.43320E+15
x_e =    1.36695E+05
x_i =     4511.4    
nu_epara =    9.97871E+05
nu_eperp =    3.73094E-05
nu_ipara =     43310.    
nu_iperp =    6.64981E-04
kappa_ipara =     60152.    
kappa_iperp =    2.95547E-03
kappa_epara =    2.96172E+06
kappa_eperp =    2.32803E-04
eta =     18.531    
sigma =     42943.    
ra =    1.94956E+09
chandraq =    3.86087E+12
beta =    8.05342E-06
lunds =     11771.    
c_omega_ce =    1.75882E+11
c_omega_ci =    9.57883E+07
c_tau_e =    3.44079E-07
c_tau_i =    2.08510E-05
c_kappab_epara =    1.93655E+23
c_kappab_eperp =    7.76637E+13
c_kappab_ipara =    7.78942E+21
c_kappab_iperp =    1.00136E+15
c_x_e =     60517.    
c_x_i =     1997.3    
c_nu_epara =     44178.    
c_nu_eperp =    8.42734E-06
c_nu_ipara =     1917.4    
c_nu_iperp =    1.50204E-04
c_kappa_ipara =     2663.0    
c_kappa_iperp =    6.67572E-04
c_kappa_epara =    1.31121E+05
c_kappa_eperp =    5.25848E-05
c_eta =     41.857    
c_ra =    1.91057E+15
c_chandraq =    7.56730E+16
c_beta =    4.02671E-07
c_lunds =    5.21106E+05
